// Jest Snapshot v1, https://goo.gl/fbAQLP

exports[`<HomeScreen /> tests should show the right component 1`] = `
<div
  className="min-height-full content has-background-dark p-6 has-text-light"
>
  <h1
    className="has-text-light"
  >
    Home
  </h1>
  <hr
    className="full-rule has-background-grey-dark"
  />
  <pre>
    {
  "name": "Frank",
  "mail": "example@mail.com"
}
  </pre>
</div>
`;
